   V = ["test1","--","test2","--"].
   true.
   false.
   false.
   false.
