Warning: singleton variables X at line 4 of issue812-singleton-warning.pl
   true.
